Archive member included to satisfy reference by file (symbol)

c:/program files (x86)/atmel/studio/7.0/toolchain/avr8/avr8-gnu-toolchain/bin/../lib/gcc/avr/5.4.0/avr6\libgcc.a(_udivmodsi4.o)
                              src/mega/drivers/timers/tc_timer.o (__udivmodsi4)
c:/program files (x86)/atmel/studio/7.0/toolchain/avr8/avr8-gnu-toolchain/bin/../lib/gcc/avr/5.4.0/avr6\libgcc.a(_exit.o)
                              c:/program files (x86)/atmel/studio/7.0/toolchain/avr8/avr8-gnu-toolchain/bin/../lib/gcc/avr/5.4.0/../../../../avr/lib/avr6/crtatmega2560.o (exit)
c:/program files (x86)/atmel/studio/7.0/toolchain/avr8/avr8-gnu-toolchain/bin/../lib/gcc/avr/5.4.0/avr6\libgcc.a(_copy_data.o)
                              src/driver.o (__do_copy_data)
c:/program files (x86)/atmel/studio/7.0/toolchain/avr8/avr8-gnu-toolchain/bin/../lib/gcc/avr/5.4.0/avr6\libgcc.a(_clear_bss.o)
                              src/driver.o (__do_clear_bss)

Discarded input sections

 .data          0x00000000        0x0 c:/program files (x86)/atmel/studio/7.0/toolchain/avr8/avr8-gnu-toolchain/bin/../lib/gcc/avr/5.4.0/../../../../avr/lib/avr6/crtatmega2560.o
 .bss           0x00000000        0x0 c:/program files (x86)/atmel/studio/7.0/toolchain/avr8/avr8-gnu-toolchain/bin/../lib/gcc/avr/5.4.0/../../../../avr/lib/avr6/crtatmega2560.o
 .group         0x00000000        0x8 src/api.o
 .group         0x00000000        0x8 src/api.o
 .group         0x00000000        0x8 src/api.o
 .group         0x00000000        0x8 src/api.o
 .group         0x00000000        0x8 src/api.o
 .group         0x00000000        0x8 src/api.o
 .group         0x00000000        0x8 src/api.o
 .group         0x00000000        0x8 src/api.o
 .group         0x00000000        0x8 src/api.o
 .group         0x00000000        0x8 src/api.o
 .group         0x00000000        0x8 src/api.o
 .group         0x00000000        0x8 src/api.o
 .group         0x00000000        0x8 src/api.o
 .group         0x00000000        0x8 src/api.o
 .group         0x00000000        0x8 src/api.o
 .group         0x00000000        0x8 src/api.o
 .group         0x00000000        0x8 src/api.o
 .group         0x00000000        0x8 src/api.o
 .group         0x00000000        0x8 src/api.o
 .group         0x00000000        0x8 src/api.o
 .group         0x00000000        0x8 src/api.o
 .group         0x00000000        0x8 src/api.o
 .group         0x00000000        0x8 src/api.o
 .group         0x00000000        0x8 src/api.o
 .group         0x00000000        0x8 src/api.o
 .group         0x00000000        0x8 src/api.o
 .group         0x00000000        0x8 src/api.o
 .group         0x00000000        0x8 src/api.o
 .group         0x00000000        0x8 src/api.o
 .group         0x00000000        0x8 src/api.o
 .group         0x00000000        0x8 src/api.o
 .text          0x00000000        0x0 src/api.o
 .data          0x00000000        0x0 src/api.o
 .bss           0x00000000        0x0 src/api.o
 .group         0x00000000        0x8 src/ASF/common/services/clock/mega/sysclk.o
 .group         0x00000000        0x8 src/ASF/common/services/clock/mega/sysclk.o
 .group         0x00000000        0x8 src/ASF/common/services/clock/mega/sysclk.o
 .group         0x00000000        0x8 src/ASF/common/services/clock/mega/sysclk.o
 .group         0x00000000        0x8 src/ASF/common/services/clock/mega/sysclk.o
 .group         0x00000000        0x8 src/ASF/common/services/clock/mega/sysclk.o
 .group         0x00000000        0x8 src/ASF/common/services/clock/mega/sysclk.o
 .group         0x00000000        0x8 src/ASF/common/services/clock/mega/sysclk.o
 .group         0x00000000        0x8 src/ASF/common/services/clock/mega/sysclk.o
 .group         0x00000000        0x8 src/ASF/common/services/clock/mega/sysclk.o
 .group         0x00000000        0x8 src/ASF/common/services/clock/mega/sysclk.o
 .group         0x00000000        0x8 src/ASF/common/services/clock/mega/sysclk.o
 .group         0x00000000        0x8 src/ASF/common/services/clock/mega/sysclk.o
 .group         0x00000000        0x8 src/ASF/common/services/clock/mega/sysclk.o
 .group         0x00000000        0x8 src/ASF/common/services/clock/mega/sysclk.o
 .group         0x00000000        0x8 src/ASF/common/services/clock/mega/sysclk.o
 .group         0x00000000        0x8 src/ASF/common/services/clock/mega/sysclk.o
 .group         0x00000000        0x8 src/ASF/common/services/clock/mega/sysclk.o
 .group         0x00000000        0x8 src/ASF/common/services/clock/mega/sysclk.o
 .group         0x00000000        0x8 src/ASF/common/services/clock/mega/sysclk.o
 .group         0x00000000        0x8 src/ASF/common/services/clock/mega/sysclk.o
 .group         0x00000000        0x8 src/ASF/common/services/clock/mega/sysclk.o
 .group         0x00000000        0x8 src/ASF/common/services/clock/mega/sysclk.o
 .group         0x00000000        0x8 src/ASF/common/services/clock/mega/sysclk.o
 .group         0x00000000        0x8 src/ASF/common/services/clock/mega/sysclk.o
 .group         0x00000000        0x8 src/ASF/common/services/clock/mega/sysclk.o
 .group         0x00000000        0x8 src/ASF/common/services/clock/mega/sysclk.o
 .group         0x00000000        0x8 src/ASF/common/services/clock/mega/sysclk.o
 .text          0x00000000        0x0 src/ASF/common/services/clock/mega/sysclk.o
 .data          0x00000000        0x0 src/ASF/common/services/clock/mega/sysclk.o
 .bss           0x00000000        0x0 src/ASF/common/services/clock/mega/sysclk.o
 .text.sysclk_enable_module
                0x00000000       0x30 src/ASF/common/services/clock/mega/sysclk.o
 .text.sysclk_disable_module
                0x00000000       0x2e src/ASF/common/services/clock/mega/sysclk.o
 .debug_macro   0x00000000      0xa72 src/ASF/common/services/clock/mega/sysclk.o
 .debug_macro   0x00000000       0x10 src/ASF/common/services/clock/mega/sysclk.o
 .debug_macro   0x00000000      0x1c9 src/ASF/common/services/clock/mega/sysclk.o
 .debug_macro   0x00000000      0x2fc src/ASF/common/services/clock/mega/sysclk.o
 .debug_macro   0x00000000       0x9e src/ASF/common/services/clock/mega/sysclk.o
 .debug_macro   0x00000000     0x1ecb src/ASF/common/services/clock/mega/sysclk.o
 .debug_macro   0x00000000      0x100 src/ASF/common/services/clock/mega/sysclk.o
 .debug_macro   0x00000000      0x2ea src/ASF/common/services/clock/mega/sysclk.o
 .debug_macro   0x00000000       0xd9 src/ASF/common/services/clock/mega/sysclk.o
 .debug_macro   0x00000000       0x34 src/ASF/common/services/clock/mega/sysclk.o
 .debug_macro   0x00000000       0x18 src/ASF/common/services/clock/mega/sysclk.o
 .debug_macro   0x00000000       0x6c src/ASF/common/services/clock/mega/sysclk.o
 .debug_macro   0x00000000       0x22 src/ASF/common/services/clock/mega/sysclk.o
 .debug_macro   0x00000000      0x16d src/ASF/common/services/clock/mega/sysclk.o
 .debug_macro   0x00000000       0x1c src/ASF/common/services/clock/mega/sysclk.o
 .debug_macro   0x00000000       0x35 src/ASF/common/services/clock/mega/sysclk.o
 .debug_macro   0x00000000       0x66 src/ASF/common/services/clock/mega/sysclk.o
 .debug_macro   0x00000000      0x64b src/ASF/common/services/clock/mega/sysclk.o
 .debug_macro   0x00000000       0x44 src/ASF/common/services/clock/mega/sysclk.o
 .debug_macro   0x00000000       0x69 src/ASF/common/services/clock/mega/sysclk.o
 .debug_macro   0x00000000       0x2c src/ASF/common/services/clock/mega/sysclk.o
 .debug_macro   0x00000000       0x10 src/ASF/common/services/clock/mega/sysclk.o
 .debug_macro   0x00000000      0x175 src/ASF/common/services/clock/mega/sysclk.o
 .debug_macro   0x00000000       0x40 src/ASF/common/services/clock/mega/sysclk.o
 .debug_macro   0x00000000      0x100 src/ASF/common/services/clock/mega/sysclk.o
 .debug_macro   0x00000000       0x3a src/ASF/common/services/clock/mega/sysclk.o
 .debug_macro   0x00000000      0x2c6 src/ASF/common/services/clock/mega/sysclk.o
 .group         0x00000000        0x8 src/driver.o
 .group         0x00000000        0x8 src/driver.o
 .group         0x00000000        0x8 src/driver.o
 .group         0x00000000        0x8 src/driver.o
 .group         0x00000000        0x8 src/driver.o
 .group         0x00000000        0x8 src/driver.o
 .group         0x00000000        0x8 src/driver.o
 .group         0x00000000        0x8 src/driver.o
 .group         0x00000000        0x8 src/driver.o
 .group         0x00000000        0x8 src/driver.o
 .group         0x00000000        0x8 src/driver.o
 .group         0x00000000        0x8 src/driver.o
 .group         0x00000000        0x8 src/driver.o
 .group         0x00000000        0x8 src/driver.o
 .group         0x00000000        0x8 src/driver.o
 .group         0x00000000        0x8 src/driver.o
 .group         0x00000000        0x8 src/driver.o
 .group         0x00000000        0x8 src/driver.o
 .group         0x00000000        0x8 src/driver.o
 .group         0x00000000        0x8 src/driver.o
 .group         0x00000000        0x8 src/driver.o
 .group         0x00000000        0x8 src/driver.o
 .group         0x00000000        0x8 src/driver.o
 .group         0x00000000        0x8 src/driver.o
 .group         0x00000000        0x8 src/driver.o
 .group         0x00000000        0x8 src/driver.o
 .group         0x00000000        0x8 src/driver.o
 .group         0x00000000        0x8 src/driver.o
 .group         0x00000000        0x8 src/driver.o
 .group         0x00000000        0x8 src/driver.o
 .group         0x00000000        0x8 src/driver.o
 .group         0x00000000        0x8 src/driver.o
 .text          0x00000000        0x0 src/driver.o
 .data          0x00000000        0x0 src/driver.o
 .bss           0x00000000        0x0 src/driver.o
 .debug_macro   0x00000000      0xa72 src/driver.o
 .debug_macro   0x00000000       0x10 src/driver.o
 .debug_macro   0x00000000      0x1c9 src/driver.o
 .debug_macro   0x00000000      0x2fc src/driver.o
 .debug_macro   0x00000000       0x9e src/driver.o
 .debug_macro   0x00000000     0x1ecb src/driver.o
 .debug_macro   0x00000000      0x100 src/driver.o
 .debug_macro   0x00000000      0x2ea src/driver.o
 .debug_macro   0x00000000       0xd9 src/driver.o
 .debug_macro   0x00000000       0x34 src/driver.o
 .debug_macro   0x00000000       0x18 src/driver.o
 .debug_macro   0x00000000       0x6c src/driver.o
 .debug_macro   0x00000000       0x22 src/driver.o
 .debug_macro   0x00000000      0x16d src/driver.o
 .debug_macro   0x00000000       0x1c src/driver.o
 .debug_macro   0x00000000       0x35 src/driver.o
 .debug_macro   0x00000000       0x66 src/driver.o
 .debug_macro   0x00000000      0x64b src/driver.o
 .debug_macro   0x00000000       0x44 src/driver.o
 .debug_macro   0x00000000       0x69 src/driver.o
 .debug_macro   0x00000000       0x2c src/driver.o
 .debug_macro   0x00000000       0x10 src/driver.o
 .debug_macro   0x00000000      0x175 src/driver.o
 .debug_macro   0x00000000       0x40 src/driver.o
 .debug_macro   0x00000000      0x100 src/driver.o
 .debug_macro   0x00000000       0x22 src/driver.o
 .debug_macro   0x00000000      0x2c6 src/driver.o
 .debug_macro   0x00000000       0x8c src/driver.o
 .debug_macro   0x00000000       0x3a src/driver.o
 .debug_macro   0x00000000       0x83 src/driver.o
 .debug_macro   0x00000000       0x2e src/driver.o
 .group         0x00000000        0x8 src/mega/drivers/timers/tc_timer.o
 .group         0x00000000        0x8 src/mega/drivers/timers/tc_timer.o
 .group         0x00000000        0x8 src/mega/drivers/timers/tc_timer.o
 .group         0x00000000        0x8 src/mega/drivers/timers/tc_timer.o
 .group         0x00000000        0x8 src/mega/drivers/timers/tc_timer.o
 .group         0x00000000        0x8 src/mega/drivers/timers/tc_timer.o
 .group         0x00000000        0x8 src/mega/drivers/timers/tc_timer.o
 .group         0x00000000        0x8 src/mega/drivers/timers/tc_timer.o
 .group         0x00000000        0x8 src/mega/drivers/timers/tc_timer.o
 .group         0x00000000        0x8 src/mega/drivers/timers/tc_timer.o
 .group         0x00000000        0x8 src/mega/drivers/timers/tc_timer.o
 .group         0x00000000        0x8 src/mega/drivers/timers/tc_timer.o
 .group         0x00000000        0x8 src/mega/drivers/timers/tc_timer.o
 .group         0x00000000        0x8 src/mega/drivers/timers/tc_timer.o
 .group         0x00000000        0x8 src/mega/drivers/timers/tc_timer.o
 .group         0x00000000        0x8 src/mega/drivers/timers/tc_timer.o
 .group         0x00000000        0x8 src/mega/drivers/timers/tc_timer.o
 .group         0x00000000        0x8 src/mega/drivers/timers/tc_timer.o
 .group         0x00000000        0x8 src/mega/drivers/timers/tc_timer.o
 .group         0x00000000        0x8 src/mega/drivers/timers/tc_timer.o
 .group         0x00000000        0x8 src/mega/drivers/timers/tc_timer.o
 .group         0x00000000        0x8 src/mega/drivers/timers/tc_timer.o
 .group         0x00000000        0x8 src/mega/drivers/timers/tc_timer.o
 .group         0x00000000        0x8 src/mega/drivers/timers/tc_timer.o
 .group         0x00000000        0x8 src/mega/drivers/timers/tc_timer.o
 .group         0x00000000        0x8 src/mega/drivers/timers/tc_timer.o
 .text          0x00000000        0x0 src/mega/drivers/timers/tc_timer.o
 .data          0x00000000        0x0 src/mega/drivers/timers/tc_timer.o
 .bss           0x00000000        0x0 src/mega/drivers/timers/tc_timer.o
 .debug_macro   0x00000000      0xa72 src/mega/drivers/timers/tc_timer.o
 .debug_macro   0x00000000       0x10 src/mega/drivers/timers/tc_timer.o
 .debug_macro   0x00000000      0x1c9 src/mega/drivers/timers/tc_timer.o
 .debug_macro   0x00000000      0x2fc src/mega/drivers/timers/tc_timer.o
 .debug_macro   0x00000000       0x9e src/mega/drivers/timers/tc_timer.o
 .debug_macro   0x00000000     0x1ecb src/mega/drivers/timers/tc_timer.o
 .debug_macro   0x00000000      0x100 src/mega/drivers/timers/tc_timer.o
 .debug_macro   0x00000000      0x2ea src/mega/drivers/timers/tc_timer.o
 .debug_macro   0x00000000       0xd9 src/mega/drivers/timers/tc_timer.o
 .debug_macro   0x00000000       0x34 src/mega/drivers/timers/tc_timer.o
 .debug_macro   0x00000000       0x18 src/mega/drivers/timers/tc_timer.o
 .debug_macro   0x00000000       0x6c src/mega/drivers/timers/tc_timer.o
 .debug_macro   0x00000000       0x22 src/mega/drivers/timers/tc_timer.o
 .debug_macro   0x00000000      0x16d src/mega/drivers/timers/tc_timer.o
 .debug_macro   0x00000000       0x1c src/mega/drivers/timers/tc_timer.o
 .debug_macro   0x00000000       0x35 src/mega/drivers/timers/tc_timer.o
 .debug_macro   0x00000000       0x66 src/mega/drivers/timers/tc_timer.o
 .debug_macro   0x00000000      0x64b src/mega/drivers/timers/tc_timer.o
 .debug_macro   0x00000000       0x44 src/mega/drivers/timers/tc_timer.o
 .debug_macro   0x00000000       0x69 src/mega/drivers/timers/tc_timer.o
 .debug_macro   0x00000000       0x2c src/mega/drivers/timers/tc_timer.o
 .debug_macro   0x00000000       0x10 src/mega/drivers/timers/tc_timer.o
 .debug_macro   0x00000000      0x175 src/mega/drivers/timers/tc_timer.o
 .debug_macro   0x00000000       0x40 src/mega/drivers/timers/tc_timer.o
 .debug_macro   0x00000000      0x100 src/mega/drivers/timers/tc_timer.o
 .debug_macro   0x00000000       0x28 src/mega/drivers/timers/tc_timer.o
 .group         0x00000000        0x8 src/ASF/mega/boards/stk600/rcx_x/init.o
 .group         0x00000000        0x8 src/ASF/mega/boards/stk600/rcx_x/init.o
 .group         0x00000000        0x8 src/ASF/mega/boards/stk600/rcx_x/init.o
 .group         0x00000000        0x8 src/ASF/mega/boards/stk600/rcx_x/init.o
 .group         0x00000000        0x8 src/ASF/mega/boards/stk600/rcx_x/init.o
 .group         0x00000000        0x8 src/ASF/mega/boards/stk600/rcx_x/init.o
 .group         0x00000000        0x8 src/ASF/mega/boards/stk600/rcx_x/init.o
 .group         0x00000000        0x8 src/ASF/mega/boards/stk600/rcx_x/init.o
 .group         0x00000000        0x8 src/ASF/mega/boards/stk600/rcx_x/init.o
 .group         0x00000000        0x8 src/ASF/mega/boards/stk600/rcx_x/init.o
 .group         0x00000000        0x8 src/ASF/mega/boards/stk600/rcx_x/init.o
 .group         0x00000000        0x8 src/ASF/mega/boards/stk600/rcx_x/init.o
 .group         0x00000000        0x8 src/ASF/mega/boards/stk600/rcx_x/init.o
 .group         0x00000000        0x8 src/ASF/mega/boards/stk600/rcx_x/init.o
 .group         0x00000000        0x8 src/ASF/mega/boards/stk600/rcx_x/init.o
 .group         0x00000000        0x8 src/ASF/mega/boards/stk600/rcx_x/init.o
 .group         0x00000000        0x8 src/ASF/mega/boards/stk600/rcx_x/init.o
 .group         0x00000000        0x8 src/ASF/mega/boards/stk600/rcx_x/init.o
 .group         0x00000000        0x8 src/ASF/mega/boards/stk600/rcx_x/init.o
 .group         0x00000000        0x8 src/ASF/mega/boards/stk600/rcx_x/init.o
 .group         0x00000000        0x8 src/ASF/mega/boards/stk600/rcx_x/init.o
 .group         0x00000000        0x8 src/ASF/mega/boards/stk600/rcx_x/init.o
 .group         0x00000000        0x8 src/ASF/mega/boards/stk600/rcx_x/init.o
 .group         0x00000000        0x8 src/ASF/mega/boards/stk600/rcx_x/init.o
 .group         0x00000000        0x8 src/ASF/mega/boards/stk600/rcx_x/init.o
 .group         0x00000000        0x8 src/ASF/mega/boards/stk600/rcx_x/init.o
 .text          0x00000000        0x0 src/ASF/mega/boards/stk600/rcx_x/init.o
 .data          0x00000000        0x0 src/ASF/mega/boards/stk600/rcx_x/init.o
 .bss           0x00000000        0x0 src/ASF/mega/boards/stk600/rcx_x/init.o
 .debug_macro   0x00000000      0xa72 src/ASF/mega/boards/stk600/rcx_x/init.o
 .debug_macro   0x00000000       0x10 src/ASF/mega/boards/stk600/rcx_x/init.o
 .debug_macro   0x00000000      0x1c9 src/ASF/mega/boards/stk600/rcx_x/init.o
 .debug_macro   0x00000000      0x2fc src/ASF/mega/boards/stk600/rcx_x/init.o
 .debug_macro   0x00000000       0x9e src/ASF/mega/boards/stk600/rcx_x/init.o
 .debug_macro   0x00000000     0x1ecb src/ASF/mega/boards/stk600/rcx_x/init.o
 .debug_macro   0x00000000      0x100 src/ASF/mega/boards/stk600/rcx_x/init.o
 .debug_macro   0x00000000      0x2ea src/ASF/mega/boards/stk600/rcx_x/init.o
 .debug_macro   0x00000000       0xd9 src/ASF/mega/boards/stk600/rcx_x/init.o
 .debug_macro   0x00000000       0x34 src/ASF/mega/boards/stk600/rcx_x/init.o
 .debug_macro   0x00000000       0x18 src/ASF/mega/boards/stk600/rcx_x/init.o
 .debug_macro   0x00000000       0x6c src/ASF/mega/boards/stk600/rcx_x/init.o
 .debug_macro   0x00000000       0x22 src/ASF/mega/boards/stk600/rcx_x/init.o
 .debug_macro   0x00000000      0x16d src/ASF/mega/boards/stk600/rcx_x/init.o
 .debug_macro   0x00000000       0x1c src/ASF/mega/boards/stk600/rcx_x/init.o
 .debug_macro   0x00000000       0x35 src/ASF/mega/boards/stk600/rcx_x/init.o
 .debug_macro   0x00000000       0x66 src/ASF/mega/boards/stk600/rcx_x/init.o
 .debug_macro   0x00000000      0x64b src/ASF/mega/boards/stk600/rcx_x/init.o
 .debug_macro   0x00000000       0x44 src/ASF/mega/boards/stk600/rcx_x/init.o
 .debug_macro   0x00000000       0x69 src/ASF/mega/boards/stk600/rcx_x/init.o
 .debug_macro   0x00000000       0x2c src/ASF/mega/boards/stk600/rcx_x/init.o
 .debug_macro   0x00000000       0x10 src/ASF/mega/boards/stk600/rcx_x/init.o
 .debug_macro   0x00000000      0x175 src/ASF/mega/boards/stk600/rcx_x/init.o
 .debug_macro   0x00000000       0x40 src/ASF/mega/boards/stk600/rcx_x/init.o
 .debug_macro   0x00000000      0x100 src/ASF/mega/boards/stk600/rcx_x/init.o
 .group         0x00000000        0x8 src/main.o
 .group         0x00000000        0x8 src/main.o
 .group         0x00000000        0x8 src/main.o
 .group         0x00000000        0x8 src/main.o
 .group         0x00000000        0x8 src/main.o
 .group         0x00000000        0x8 src/main.o
 .group         0x00000000        0x8 src/main.o
 .group         0x00000000        0x8 src/main.o
 .group         0x00000000        0x8 src/main.o
 .group         0x00000000        0x8 src/main.o
 .group         0x00000000        0x8 src/main.o
 .group         0x00000000        0x8 src/main.o
 .group         0x00000000        0x8 src/main.o
 .group         0x00000000        0x8 src/main.o
 .group         0x00000000        0x8 src/main.o
 .group         0x00000000        0x8 src/main.o
 .group         0x00000000        0x8 src/main.o
 .group         0x00000000        0x8 src/main.o
 .group         0x00000000        0x8 src/main.o
 .group         0x00000000        0x8 src/main.o
 .group         0x00000000        0x8 src/main.o
 .group         0x00000000        0x8 src/main.o
 .group         0x00000000        0x8 src/main.o
 .group         0x00000000        0x8 src/main.o
 .group         0x00000000        0x8 src/main.o
 .group         0x00000000        0x8 src/main.o
 .group         0x00000000        0x8 src/main.o
 .group         0x00000000        0x8 src/main.o
 .group         0x00000000        0x8 src/main.o
 .group         0x00000000        0x8 src/main.o
 .group         0x00000000        0x8 src/main.o
 .text          0x00000000        0x0 src/main.o
 .data          0x00000000        0x0 src/main.o
 .bss           0x00000000        0x0 src/main.o
 .debug_macro   0x00000000      0xa72 src/main.o
 .debug_macro   0x00000000       0x10 src/main.o
 .debug_macro   0x00000000      0x1c9 src/main.o
 .debug_macro   0x00000000      0x2fc src/main.o
 .debug_macro   0x00000000       0x9e src/main.o
 .debug_macro   0x00000000     0x1ecb src/main.o
 .debug_macro   0x00000000      0x100 src/main.o
 .debug_macro   0x00000000      0x2ea src/main.o
 .debug_macro   0x00000000       0xd9 src/main.o
 .debug_macro   0x00000000       0x34 src/main.o
 .debug_macro   0x00000000       0x18 src/main.o
 .debug_macro   0x00000000       0x6c src/main.o
 .debug_macro   0x00000000       0x22 src/main.o
 .debug_macro   0x00000000      0x16d src/main.o
 .debug_macro   0x00000000       0x1c src/main.o
 .debug_macro   0x00000000       0x35 src/main.o
 .debug_macro   0x00000000       0x66 src/main.o
 .debug_macro   0x00000000      0x64b src/main.o
 .debug_macro   0x00000000       0x44 src/main.o
 .debug_macro   0x00000000       0x69 src/main.o
 .debug_macro   0x00000000       0x2c src/main.o
 .debug_macro   0x00000000       0x10 src/main.o
 .debug_macro   0x00000000      0x175 src/main.o
 .debug_macro   0x00000000       0x40 src/main.o
 .debug_macro   0x00000000      0x100 src/main.o
 .debug_macro   0x00000000       0x22 src/main.o
 .debug_macro   0x00000000      0x2c6 src/main.o
 .debug_macro   0x00000000       0x8c src/main.o
 .debug_macro   0x00000000       0x3a src/main.o
 .debug_macro   0x00000000       0x83 src/main.o
 .text          0x00000000        0x0 c:/program files (x86)/atmel/studio/7.0/toolchain/avr8/avr8-gnu-toolchain/bin/../lib/gcc/avr/5.4.0/avr6\libgcc.a(_udivmodsi4.o)
 .data          0x00000000        0x0 c:/program files (x86)/atmel/studio/7.0/toolchain/avr8/avr8-gnu-toolchain/bin/../lib/gcc/avr/5.4.0/avr6\libgcc.a(_udivmodsi4.o)
 .bss           0x00000000        0x0 c:/program files (x86)/atmel/studio/7.0/toolchain/avr8/avr8-gnu-toolchain/bin/../lib/gcc/avr/5.4.0/avr6\libgcc.a(_udivmodsi4.o)
 .text.libgcc.mul
                0x00000000        0x0 c:/program files (x86)/atmel/studio/7.0/toolchain/avr8/avr8-gnu-toolchain/bin/../lib/gcc/avr/5.4.0/avr6\libgcc.a(_udivmodsi4.o)
 .text.libgcc   0x00000000        0x0 c:/program files (x86)/atmel/studio/7.0/toolchain/avr8/avr8-gnu-toolchain/bin/../lib/gcc/avr/5.4.0/avr6\libgcc.a(_udivmodsi4.o)
 .text.libgcc.prologue
                0x00000000        0x0 c:/program files (x86)/atmel/studio/7.0/toolchain/avr8/avr8-gnu-toolchain/bin/../lib/gcc/avr/5.4.0/avr6\libgcc.a(_udivmodsi4.o)
 .text.libgcc.builtins
                0x00000000        0x0 c:/program files (x86)/atmel/studio/7.0/toolchain/avr8/avr8-gnu-toolchain/bin/../lib/gcc/avr/5.4.0/avr6\libgcc.a(_udivmodsi4.o)
 .text.libgcc.fmul
                0x00000000        0x0 c:/program files (x86)/atmel/studio/7.0/toolchain/avr8/avr8-gnu-toolchain/bin/../lib/gcc/avr/5.4.0/avr6\libgcc.a(_udivmodsi4.o)
 .text.libgcc.fixed
                0x00000000        0x0 c:/program files (x86)/atmel/studio/7.0/toolchain/avr8/avr8-gnu-toolchain/bin/../lib/gcc/avr/5.4.0/avr6\libgcc.a(_udivmodsi4.o)
 .text          0x00000000        0x0 c:/program files (x86)/atmel/studio/7.0/toolchain/avr8/avr8-gnu-toolchain/bin/../lib/gcc/avr/5.4.0/avr6\libgcc.a(_exit.o)
 .data          0x00000000        0x0 c:/program files (x86)/atmel/studio/7.0/toolchain/avr8/avr8-gnu-toolchain/bin/../lib/gcc/avr/5.4.0/avr6\libgcc.a(_exit.o)
 .bss           0x00000000        0x0 c:/program files (x86)/atmel/studio/7.0/toolchain/avr8/avr8-gnu-toolchain/bin/../lib/gcc/avr/5.4.0/avr6\libgcc.a(_exit.o)
 .text.libgcc.mul
                0x00000000        0x0 c:/program files (x86)/atmel/studio/7.0/toolchain/avr8/avr8-gnu-toolchain/bin/../lib/gcc/avr/5.4.0/avr6\libgcc.a(_exit.o)
 .text.libgcc.div
                0x00000000        0x0 c:/program files (x86)/atmel/studio/7.0/toolchain/avr8/avr8-gnu-toolchain/bin/../lib/gcc/avr/5.4.0/avr6\libgcc.a(_exit.o)
 .text.libgcc   0x00000000        0x0 c:/program files (x86)/atmel/studio/7.0/toolchain/avr8/avr8-gnu-toolchain/bin/../lib/gcc/avr/5.4.0/avr6\libgcc.a(_exit.o)
 .text.libgcc.prologue
                0x00000000        0x0 c:/program files (x86)/atmel/studio/7.0/toolchain/avr8/avr8-gnu-toolchain/bin/../lib/gcc/avr/5.4.0/avr6\libgcc.a(_exit.o)
 .text.libgcc.builtins
                0x00000000        0x0 c:/program files (x86)/atmel/studio/7.0/toolchain/avr8/avr8-gnu-toolchain/bin/../lib/gcc/avr/5.4.0/avr6\libgcc.a(_exit.o)
 .text.libgcc.fmul
                0x00000000        0x0 c:/program files (x86)/atmel/studio/7.0/toolchain/avr8/avr8-gnu-toolchain/bin/../lib/gcc/avr/5.4.0/avr6\libgcc.a(_exit.o)
 .text.libgcc.fixed
                0x00000000        0x0 c:/program files (x86)/atmel/studio/7.0/toolchain/avr8/avr8-gnu-toolchain/bin/../lib/gcc/avr/5.4.0/avr6\libgcc.a(_exit.o)
 .text          0x00000000        0x0 c:/program files (x86)/atmel/studio/7.0/toolchain/avr8/avr8-gnu-toolchain/bin/../lib/gcc/avr/5.4.0/avr6\libgcc.a(_copy_data.o)
 .data          0x00000000        0x0 c:/program files (x86)/atmel/studio/7.0/toolchain/avr8/avr8-gnu-toolchain/bin/../lib/gcc/avr/5.4.0/avr6\libgcc.a(_copy_data.o)
 .bss           0x00000000        0x0 c:/program files (x86)/atmel/studio/7.0/toolchain/avr8/avr8-gnu-toolchain/bin/../lib/gcc/avr/5.4.0/avr6\libgcc.a(_copy_data.o)
 .text.libgcc.mul
                0x00000000        0x0 c:/program files (x86)/atmel/studio/7.0/toolchain/avr8/avr8-gnu-toolchain/bin/../lib/gcc/avr/5.4.0/avr6\libgcc.a(_copy_data.o)
 .text.libgcc.div
                0x00000000        0x0 c:/program files (x86)/atmel/studio/7.0/toolchain/avr8/avr8-gnu-toolchain/bin/../lib/gcc/avr/5.4.0/avr6\libgcc.a(_copy_data.o)
 .text.libgcc   0x00000000        0x0 c:/program files (x86)/atmel/studio/7.0/toolchain/avr8/avr8-gnu-toolchain/bin/../lib/gcc/avr/5.4.0/avr6\libgcc.a(_copy_data.o)
 .text.libgcc.prologue
                0x00000000        0x0 c:/program files (x86)/atmel/studio/7.0/toolchain/avr8/avr8-gnu-toolchain/bin/../lib/gcc/avr/5.4.0/avr6\libgcc.a(_copy_data.o)
 .text.libgcc.builtins
                0x00000000        0x0 c:/program files (x86)/atmel/studio/7.0/toolchain/avr8/avr8-gnu-toolchain/bin/../lib/gcc/avr/5.4.0/avr6\libgcc.a(_copy_data.o)
 .text.libgcc.fmul
                0x00000000        0x0 c:/program files (x86)/atmel/studio/7.0/toolchain/avr8/avr8-gnu-toolchain/bin/../lib/gcc/avr/5.4.0/avr6\libgcc.a(_copy_data.o)
 .text.libgcc.fixed
                0x00000000        0x0 c:/program files (x86)/atmel/studio/7.0/toolchain/avr8/avr8-gnu-toolchain/bin/../lib/gcc/avr/5.4.0/avr6\libgcc.a(_copy_data.o)
 .text          0x00000000        0x0 c:/program files (x86)/atmel/studio/7.0/toolchain/avr8/avr8-gnu-toolchain/bin/../lib/gcc/avr/5.4.0/avr6\libgcc.a(_clear_bss.o)
 .data          0x00000000        0x0 c:/program files (x86)/atmel/studio/7.0/toolchain/avr8/avr8-gnu-toolchain/bin/../lib/gcc/avr/5.4.0/avr6\libgcc.a(_clear_bss.o)
 .bss           0x00000000        0x0 c:/program files (x86)/atmel/studio/7.0/toolchain/avr8/avr8-gnu-toolchain/bin/../lib/gcc/avr/5.4.0/avr6\libgcc.a(_clear_bss.o)
 .text.libgcc.mul
                0x00000000        0x0 c:/program files (x86)/atmel/studio/7.0/toolchain/avr8/avr8-gnu-toolchain/bin/../lib/gcc/avr/5.4.0/avr6\libgcc.a(_clear_bss.o)
 .text.libgcc.div
                0x00000000        0x0 c:/program files (x86)/atmel/studio/7.0/toolchain/avr8/avr8-gnu-toolchain/bin/../lib/gcc/avr/5.4.0/avr6\libgcc.a(_clear_bss.o)
 .text.libgcc   0x00000000        0x0 c:/program files (x86)/atmel/studio/7.0/toolchain/avr8/avr8-gnu-toolchain/bin/../lib/gcc/avr/5.4.0/avr6\libgcc.a(_clear_bss.o)
 .text.libgcc.prologue
                0x00000000        0x0 c:/program files (x86)/atmel/studio/7.0/toolchain/avr8/avr8-gnu-toolchain/bin/../lib/gcc/avr/5.4.0/avr6\libgcc.a(_clear_bss.o)
 .text.libgcc.builtins
                0x00000000        0x0 c:/program files (x86)/atmel/studio/7.0/toolchain/avr8/avr8-gnu-toolchain/bin/../lib/gcc/avr/5.4.0/avr6\libgcc.a(_clear_bss.o)
 .text.libgcc.fmul
                0x00000000        0x0 c:/program files (x86)/atmel/studio/7.0/toolchain/avr8/avr8-gnu-toolchain/bin/../lib/gcc/avr/5.4.0/avr6\libgcc.a(_clear_bss.o)
 .text.libgcc.fixed
                0x00000000        0x0 c:/program files (x86)/atmel/studio/7.0/toolchain/avr8/avr8-gnu-toolchain/bin/../lib/gcc/avr/5.4.0/avr6\libgcc.a(_clear_bss.o)

Memory Configuration

Name             Origin             Length             Attributes
text             0x00000000         0x00100000         xr
data             0x00800200         0x0000fe00         rw !x
eeprom           0x00810000         0x00010000         rw !x
fuse             0x00820000         0x00000003         rw !x
lock             0x00830000         0x00000400         rw !x
signature        0x00840000         0x00000400         rw !x
user_signatures  0x00850000         0x00000400         rw !x
*default*        0x00000000         0xffffffff

Linker script and memory map

Address of section .data set to 0x800200
LOAD c:/program files (x86)/atmel/studio/7.0/toolchain/avr8/avr8-gnu-toolchain/bin/../lib/gcc/avr/5.4.0/../../../../avr/lib/avr6/crtatmega2560.o
LOAD src/api.o
LOAD src/ASF/common/services/clock/mega/sysclk.o
LOAD src/driver.o
LOAD src/mega/drivers/timers/tc_timer.o
LOAD src/ASF/mega/boards/stk600/rcx_x/init.o
LOAD src/main.o
START GROUP
LOAD c:/program files (x86)/atmel/studio/7.0/toolchain/avr8/avr8-gnu-toolchain/bin/../lib/gcc/avr/5.4.0/../../../../avr/lib/avr6\libm.a
END GROUP
START GROUP
LOAD c:/program files (x86)/atmel/studio/7.0/toolchain/avr8/avr8-gnu-toolchain/bin/../lib/gcc/avr/5.4.0/avr6\libgcc.a
LOAD c:/program files (x86)/atmel/studio/7.0/toolchain/avr8/avr8-gnu-toolchain/bin/../lib/gcc/avr/5.4.0/../../../../avr/lib/avr6\libm.a
LOAD c:/program files (x86)/atmel/studio/7.0/toolchain/avr8/avr8-gnu-toolchain/bin/../lib/gcc/avr/5.4.0/../../../../avr/lib/avr6\libc.a
LOAD c:/program files (x86)/atmel/studio/7.0/toolchain/avr8/avr8-gnu-toolchain/bin/../lib/gcc/avr/5.4.0/../../../../avr/lib/avr6\libatmega2560.a
END GROUP
                0x00100000                __TEXT_REGION_LENGTH__ = DEFINED (__TEXT_REGION_LENGTH__)?__TEXT_REGION_LENGTH__:0x100000
                0x0000fe00                __DATA_REGION_LENGTH__ = DEFINED (__DATA_REGION_LENGTH__)?__DATA_REGION_LENGTH__:0xfe00
                0x00010000                __EEPROM_REGION_LENGTH__ = DEFINED (__EEPROM_REGION_LENGTH__)?__EEPROM_REGION_LENGTH__:0x10000
                [0x00000003]                __FUSE_REGION_LENGTH__ = DEFINED (__FUSE_REGION_LENGTH__)?__FUSE_REGION_LENGTH__:0x400
                0x00000400                __LOCK_REGION_LENGTH__ = DEFINED (__LOCK_REGION_LENGTH__)?__LOCK_REGION_LENGTH__:0x400
                0x00000400                __SIGNATURE_REGION_LENGTH__ = DEFINED (__SIGNATURE_REGION_LENGTH__)?__SIGNATURE_REGION_LENGTH__:0x400
                0x00000400                __USER_SIGNATURE_REGION_LENGTH__ = DEFINED (__USER_SIGNATURE_REGION_LENGTH__)?__USER_SIGNATURE_REGION_LENGTH__:0x400

.hash
 *(.hash)

.dynsym
 *(.dynsym)

.dynstr
 *(.dynstr)

.gnu.version
 *(.gnu.version)

.gnu.version_d
 *(.gnu.version_d)

.gnu.version_r
 *(.gnu.version_r)

.rel.init
 *(.rel.init)

.rela.init
 *(.rela.init)

.rel.text
 *(.rel.text)
 *(.rel.text.*)
 *(.rel.gnu.linkonce.t*)

.rela.text
 *(.rela.text)
 *(.rela.text.*)
 *(.rela.gnu.linkonce.t*)

.rel.fini
 *(.rel.fini)

.rela.fini
 *(.rela.fini)

.rel.rodata
 *(.rel.rodata)
 *(.rel.rodata.*)
 *(.rel.gnu.linkonce.r*)

.rela.rodata
 *(.rela.rodata)
 *(.rela.rodata.*)
 *(.rela.gnu.linkonce.r*)

.rel.data
 *(.rel.data)
 *(.rel.data.*)
 *(.rel.gnu.linkonce.d*)

.rela.data
 *(.rela.data)
 *(.rela.data.*)
 *(.rela.gnu.linkonce.d*)

.rel.ctors
 *(.rel.ctors)

.rela.ctors
 *(.rela.ctors)

.rel.dtors
 *(.rel.dtors)

.rela.dtors
 *(.rela.dtors)

.rel.got
 *(.rel.got)

.rela.got
 *(.rela.got)

.rel.bss
 *(.rel.bss)

.rela.bss
 *(.rela.bss)

.rel.plt
 *(.rel.plt)

.rela.plt
 *(.rela.plt)

.text           0x00000000      0x9e4
 *(.vectors)
 .vectors       0x00000000       0xe4 c:/program files (x86)/atmel/studio/7.0/toolchain/avr8/avr8-gnu-toolchain/bin/../lib/gcc/avr/5.4.0/../../../../avr/lib/avr6/crtatmega2560.o
                0x00000000                __vectors
 *(.vectors)
 *(.progmem.gcc*)
                0x000000e4                . = ALIGN (0x2)
                0x000000e4                __trampolines_start = .
 *(.trampolines)
 .trampolines   0x000000e4        0x0 linker stubs
 *(.trampolines*)
                0x000000e4                __trampolines_end = .
 *libprintf_flt.a:*(.progmem.data)
 *libc.a:*(.progmem.data)
 *(.progmem*)
                0x000000e4                . = ALIGN (0x2)
 *(.jumptables)
 *(.jumptables*)
 *(.lowtext)
 *(.lowtext*)
                0x000000e4                __ctors_start = .
 *(.ctors)
                0x000000e4                __ctors_end = .
                0x000000e4                __dtors_start = .
 *(.dtors)
                0x000000e4                __dtors_end = .
 SORT(*)(.ctors)
 SORT(*)(.dtors)
 *(.init0)
 .init0         0x000000e4        0x0 c:/program files (x86)/atmel/studio/7.0/toolchain/avr8/avr8-gnu-toolchain/bin/../lib/gcc/avr/5.4.0/../../../../avr/lib/avr6/crtatmega2560.o
                0x000000e4                __init
 *(.init0)
 *(.init1)
 *(.init1)
 *(.init2)
 .init2         0x000000e4       0x10 c:/program files (x86)/atmel/studio/7.0/toolchain/avr8/avr8-gnu-toolchain/bin/../lib/gcc/avr/5.4.0/../../../../avr/lib/avr6/crtatmega2560.o
 *(.init2)
 *(.init3)
 *(.init3)
 *(.init4)
 .init4         0x000000f4       0x1a c:/program files (x86)/atmel/studio/7.0/toolchain/avr8/avr8-gnu-toolchain/bin/../lib/gcc/avr/5.4.0/avr6\libgcc.a(_copy_data.o)
                0x000000f4                __do_copy_data
 .init4         0x0000010e       0x10 c:/program files (x86)/atmel/studio/7.0/toolchain/avr8/avr8-gnu-toolchain/bin/../lib/gcc/avr/5.4.0/avr6\libgcc.a(_clear_bss.o)
                0x0000010e                __do_clear_bss
 *(.init4)
 *(.init5)
 *(.init5)
 *(.init6)
 *(.init6)
 *(.init7)
 *(.init7)
 *(.init8)
 *(.init8)
 *(.init9)
 .init9         0x0000011e        0x4 c:/program files (x86)/atmel/studio/7.0/toolchain/avr8/avr8-gnu-toolchain/bin/../lib/gcc/avr/5.4.0/../../../../avr/lib/avr6/crtatmega2560.o
 *(.init9)
 *(.text)
 .text          0x00000122        0x2 c:/program files (x86)/atmel/studio/7.0/toolchain/avr8/avr8-gnu-toolchain/bin/../lib/gcc/avr/5.4.0/../../../../avr/lib/avr6/crtatmega2560.o
                0x00000122                __vector_38
                0x00000122                __vector_22
                0x00000122                __vector_28
                0x00000122                __vector_32
                0x00000122                __vector_34
                0x00000122                __vector_24
                0x00000122                __vector_12
                0x00000122                __vector_55
                0x00000122                __vector_46
                0x00000122                __bad_interrupt
                0x00000122                __vector_6
                0x00000122                __vector_31
                0x00000122                __vector_35
                0x00000122                __vector_39
                0x00000122                __vector_23
                0x00000122                __vector_30
                0x00000122                __vector_45
                0x00000122                __vector_25
                0x00000122                __vector_11
                0x00000122                __vector_54
                0x00000122                __vector_19
                0x00000122                __vector_56
                0x00000122                __vector_7
                0x00000122                __vector_49
                0x00000122                __vector_41
                0x00000122                __vector_43
                0x00000122                __vector_27
                0x00000122                __vector_5
                0x00000122                __vector_33
                0x00000122                __vector_47
                0x00000122                __vector_52
                0x00000122                __vector_37
                0x00000122                __vector_44
                0x00000122                __vector_51
                0x00000122                __vector_21
                0x00000122                __vector_15
                0x00000122                __vector_36
                0x00000122                __vector_29
                0x00000122                __vector_40
                0x00000122                __vector_8
                0x00000122                __vector_26
                0x00000122                __vector_48
                0x00000122                __vector_14
                0x00000122                __vector_53
                0x00000122                __vector_50
                0x00000122                __vector_16
                0x00000122                __vector_18
                0x00000122                __vector_20
                0x00000122                __vector_42
                0x00000124                . = ALIGN (0x2)
 *(.text.*)
 .text.MotorStatus
                0x00000124       0x6c src/api.o
                0x00000124                MotorStatus
 .text.DrvrInit
                0x00000190       0x30 src/api.o
                0x00000190                DrvrInit
 .text.MotorStop
                0x000001c0        0xc src/api.o
                0x000001c0                MotorStop
 .text.MotorForward
                0x000001cc       0x22 src/api.o
                0x000001cc                MotorForward
 .text.MotorReverse
                0x000001ee       0x22 src/api.o
                0x000001ee                MotorReverse
 .text.sysclk_init
                0x00000210       0x3e src/ASF/common/services/clock/mega/sysclk.o
                0x00000210                sysclk_init
 .text.MotorRate
                0x0000024e       0x64 src/driver.o
                0x0000024e                MotorRate
 .text.MotorDrive
                0x000002b2       0x58 src/driver.o
                0x000002b2                MotorDrive
 .text.StopMotor
                0x0000030a       0x28 src/driver.o
                0x0000030a                StopMotor
 .text.MotorDriverInit
                0x00000332      0x12e src/driver.o
                0x00000332                MotorDriverInit
 .text.GetStatus
                0x00000460       0x12 src/driver.o
                0x00000460                GetStatus
 .text.GetEmStatus
                0x00000472        0x6 src/driver.o
                0x00000472                GetEmStatus
 .text.__vector_9
                0x00000478       0xc2 src/driver.o
                0x00000478                __vector_9
 .text.__vector_default
                0x0000053a       0x14 src/driver.o
                0x0000053a                __vector_default
 .text.__vector_13
                0x0000054e       0x5e src/mega/drivers/timers/tc_timer.o
                0x0000054e                __vector_13
 .text.tc_timer_init
                0x000005ac       0x34 src/mega/drivers/timers/tc_timer.o
                0x000005ac                tc_timer_init
 .text.tc_timer_set
                0x000005e0       0xd4 src/mega/drivers/timers/tc_timer.o
                0x000005e0                tc_timer_set
 .text.tc_timer_start
                0x000006b4       0x18 src/mega/drivers/timers/tc_timer.o
                0x000006b4                tc_timer_start
 .text.tc_timer_stop
                0x000006cc        0xc src/mega/drivers/timers/tc_timer.o
                0x000006cc                tc_timer_stop
 .text.board_init
                0x000006d8        0x2 src/ASF/mega/boards/stk600/rcx_x/init.o
                0x000006d8                board_init
 .text.emergIndicator
                0x000006da       0x10 src/main.o
                0x000006da                emergIndicator
 .text.main     0x000006ea       0xd4 src/main.o
                0x000006ea                main
 .text.__vector_17
                0x000007be       0x38 src/main.o
                0x000007be                __vector_17
 .text.__vector_1
                0x000007f6       0x48 src/main.o
                0x000007f6                __vector_1
 .text.__vector_2
                0x0000083e       0x4c src/main.o
                0x0000083e                __vector_2
 .text.__vector_3
                0x0000088a       0x4a src/main.o
                0x0000088a                __vector_3
 .text.__vector_4
                0x000008d4       0x4a src/main.o
                0x000008d4                __vector_4
 .text.__vector_10
                0x0000091e       0x7e src/main.o
                0x0000091e                __vector_10
 .text.libgcc.div
                0x0000099c       0x44 c:/program files (x86)/atmel/studio/7.0/toolchain/avr8/avr8-gnu-toolchain/bin/../lib/gcc/avr/5.4.0/avr6\libgcc.a(_udivmodsi4.o)
                0x0000099c                __udivmodsi4
                0x000009e0                . = ALIGN (0x2)
 *(.fini9)
 .fini9         0x000009e0        0x0 c:/program files (x86)/atmel/studio/7.0/toolchain/avr8/avr8-gnu-toolchain/bin/../lib/gcc/avr/5.4.0/avr6\libgcc.a(_exit.o)
                0x000009e0                _exit
                0x000009e0                exit
 *(.fini9)
 *(.fini8)
 *(.fini8)
 *(.fini7)
 *(.fini7)
 *(.fini6)
 *(.fini6)
 *(.fini5)
 *(.fini5)
 *(.fini4)
 *(.fini4)
 *(.fini3)
 *(.fini3)
 *(.fini2)
 *(.fini2)
 *(.fini1)
 *(.fini1)
 *(.fini0)
 .fini0         0x000009e0        0x4 c:/program files (x86)/atmel/studio/7.0/toolchain/avr8/avr8-gnu-toolchain/bin/../lib/gcc/avr/5.4.0/avr6\libgcc.a(_exit.o)
 *(.fini0)
                0x000009e4                _etext = .

.data           0x00800200        0x6 load address 0x000009e4
                0x00800200                PROVIDE (__data_start, .)
 *(.data)
 *(.data*)
 .data.curSpeed
                0x00800200        0x1 src/driver.o
 .data.curDir   0x00800201        0x1 src/driver.o
 .data.err      0x00800202        0x1 src/driver.o
 .data.emStatus
                0x00800203        0x1 src/driver.o
 .data.tc_timer_prescale_mask
                0x00800204        0x1 src/mega/drivers/timers/tc_timer.o
 *(.gnu.linkonce.d*)
 *(.rodata)
 *(.rodata*)
 *(.gnu.linkonce.r*)
                0x00800206                . = ALIGN (0x2)
 *fill*         0x00800205        0x1 
                0x00800206                _edata = .
                0x00800206                PROVIDE (__data_end, .)

.bss            0x00800206        0xe
                0x00800206                PROVIDE (__bss_start, .)
 *(.bss)
 *(.bss*)
 .bss.currConfig
                0x00800206        0x6 src/driver.o
 .bss.timer_callback
                0x0080020c        0x2 src/mega/drivers/timers/tc_timer.o
 .bss.tc_timer_started
                0x0080020e        0x1 src/mega/drivers/timers/tc_timer.o
 .bss.tc_timer_setted
                0x0080020f        0x1 src/mega/drivers/timers/tc_timer.o
 .bss.tc_timer_inited
                0x00800210        0x1 src/mega/drivers/timers/tc_timer.o
 .bss.curSwNum  0x00800211        0x1 src/main.o
 .bss.btnTimeout
                0x00800212        0x1 src/main.o
 .bss.swPressed
                0x00800213        0x1 src/main.o
 *(COMMON)
                0x00800214                PROVIDE (__bss_end, .)
                0x000009e4                __data_load_start = LOADADDR (.data)
                0x000009ea                __data_load_end = (__data_load_start + SIZEOF (.data))

.noinit         0x00800214        0x0
                [!provide]                PROVIDE (__noinit_start, .)
 *(.noinit*)
                [!provide]                PROVIDE (__noinit_end, .)
                0x00800214                _end = .
                [!provide]                PROVIDE (__heap_start, .)

.eeprom         0x00810000        0x0
 *(.eeprom*)
                0x00810000                __eeprom_end = .

.fuse
 *(.fuse)
 *(.lfuse)
 *(.hfuse)
 *(.efuse)

.lock
 *(.lock*)

.signature
 *(.signature*)

.user_signatures
 *(.user_signatures*)

.stab
 *(.stab)

.stabstr
 *(.stabstr)

.stab.excl
 *(.stab.excl)

.stab.exclstr
 *(.stab.exclstr)

.stab.index
 *(.stab.index)

.stab.indexstr
 *(.stab.indexstr)

.comment        0x00000000       0x30
 *(.comment)
 .comment       0x00000000       0x30 src/api.o
                                 0x31 (size before relaxing)
 .comment       0x00000030       0x31 src/ASF/common/services/clock/mega/sysclk.o
 .comment       0x00000030       0x31 src/driver.o
 .comment       0x00000030       0x31 src/mega/drivers/timers/tc_timer.o
 .comment       0x00000030       0x31 src/ASF/mega/boards/stk600/rcx_x/init.o
 .comment       0x00000030       0x31 src/main.o

.note.gnu.avr.deviceinfo
                0x00000000       0x40
 .note.gnu.avr.deviceinfo
                0x00000000       0x40 c:/program files (x86)/atmel/studio/7.0/toolchain/avr8/avr8-gnu-toolchain/bin/../lib/gcc/avr/5.4.0/../../../../avr/lib/avr6/crtatmega2560.o

.note.gnu.build-id
 *(.note.gnu.build-id)

.debug
 *(.debug)

.line
 *(.line)

.debug_srcinfo
 *(.debug_srcinfo)

.debug_sfnames
 *(.debug_sfnames)

.debug_aranges  0x00000000      0x180
 *(.debug_aranges)
 .debug_aranges
                0x00000000       0x40 src/api.o
 .debug_aranges
                0x00000040       0x30 src/ASF/common/services/clock/mega/sysclk.o
 .debug_aranges
                0x00000070       0x58 src/driver.o
 .debug_aranges
                0x000000c8       0x40 src/mega/drivers/timers/tc_timer.o
 .debug_aranges
                0x00000108       0x20 src/ASF/mega/boards/stk600/rcx_x/init.o
 .debug_aranges
                0x00000128       0x58 src/main.o

.debug_pubnames
 *(.debug_pubnames)

.debug_info     0x00000000     0x2536
 *(.debug_info .gnu.linkonce.wi.*)
 .debug_info    0x00000000      0xbbc c:/program files (x86)/atmel/studio/7.0/toolchain/avr8/avr8-gnu-toolchain/bin/../lib/gcc/avr/5.4.0/../../../../avr/lib/avr6/crtatmega2560.o
 .debug_info    0x00000bbc      0x3af src/api.o
 .debug_info    0x00000f6b      0x2b5 src/ASF/common/services/clock/mega/sysclk.o
 .debug_info    0x00001220      0x945 src/driver.o
 .debug_info    0x00001b65      0x19f src/mega/drivers/timers/tc_timer.o
 .debug_info    0x00001d04       0x7c src/ASF/mega/boards/stk600/rcx_x/init.o
 .debug_info    0x00001d80      0x7b6 src/main.o

.debug_abbrev   0x00000000     0x14bd
 *(.debug_abbrev)
 .debug_abbrev  0x00000000      0xb1a c:/program files (x86)/atmel/studio/7.0/toolchain/avr8/avr8-gnu-toolchain/bin/../lib/gcc/avr/5.4.0/../../../../avr/lib/avr6/crtatmega2560.o
 .debug_abbrev  0x00000b1a      0x100 src/api.o
 .debug_abbrev  0x00000c1a      0x1a6 src/ASF/common/services/clock/mega/sysclk.o
 .debug_abbrev  0x00000dc0      0x311 src/driver.o
 .debug_abbrev  0x000010d1       0xe5 src/mega/drivers/timers/tc_timer.o
 .debug_abbrev  0x000011b6       0x47 src/ASF/mega/boards/stk600/rcx_x/init.o
 .debug_abbrev  0x000011fd      0x2c0 src/main.o

.debug_line     0x00000000     0x1f51
 *(.debug_line .debug_line.* .debug_line_end)
 .debug_line    0x00000000       0x1a c:/program files (x86)/atmel/studio/7.0/toolchain/avr8/avr8-gnu-toolchain/bin/../lib/gcc/avr/5.4.0/../../../../avr/lib/avr6/crtatmega2560.o
 .debug_line    0x0000001a      0x60e src/api.o
 .debug_line    0x00000628      0x430 src/ASF/common/services/clock/mega/sysclk.o
 .debug_line    0x00000a58      0x6de src/driver.o
 .debug_line    0x00001136      0x451 src/mega/drivers/timers/tc_timer.o
 .debug_line    0x00001587      0x31b src/ASF/mega/boards/stk600/rcx_x/init.o
 .debug_line    0x000018a2      0x6af src/main.o

.debug_frame    0x00000000      0x3fc
 *(.debug_frame)
 .debug_frame   0x00000000       0x84 src/api.o
 .debug_frame   0x00000084       0x74 src/ASF/common/services/clock/mega/sysclk.o
 .debug_frame   0x000000f8       0xf4 src/driver.o
 .debug_frame   0x000001ec       0xac src/mega/drivers/timers/tc_timer.o
 .debug_frame   0x00000298       0x24 src/ASF/mega/boards/stk600/rcx_x/init.o
 .debug_frame   0x000002bc      0x140 src/main.o

.debug_str      0x00000000    0x13a00
 *(.debug_str)
 .debug_str     0x00000000      0x3e6 c:/program files (x86)/atmel/studio/7.0/toolchain/avr8/avr8-gnu-toolchain/bin/../lib/gcc/avr/5.4.0/../../../../avr/lib/avr6/crtatmega2560.o
 .debug_str     0x000003e6    0x12cc2 src/api.o
                              0x12ef3 (size before relaxing)
 .debug_str     0x000130a8       0xdb src/ASF/common/services/clock/mega/sysclk.o
                              0x12af8 (size before relaxing)
 .debug_str     0x00013183      0x397 src/driver.o
                              0x13259 (size before relaxing)
 .debug_str     0x0001351a      0x160 src/mega/drivers/timers/tc_timer.o
                              0x121f1 (size before relaxing)
 .debug_str     0x0001367a       0x44 src/ASF/mega/boards/stk600/rcx_x/init.o
                              0x127df (size before relaxing)
 .debug_str     0x000136be      0x342 src/main.o
                              0x1335c (size before relaxing)

.debug_loc      0x00000000      0xe02
 *(.debug_loc)
 .debug_loc     0x00000000      0x1fd src/api.o
 .debug_loc     0x000001fd      0x1f2 src/ASF/common/services/clock/mega/sysclk.o
 .debug_loc     0x000003ef      0x4f1 src/driver.o
 .debug_loc     0x000008e0      0x1e7 src/mega/drivers/timers/tc_timer.o
 .debug_loc     0x00000ac7      0x33b src/main.o

.debug_macinfo
 *(.debug_macinfo)

.debug_weaknames
 *(.debug_weaknames)

.debug_funcnames
 *(.debug_funcnames)

.debug_typenames
 *(.debug_typenames)

.debug_varnames
 *(.debug_varnames)

.debug_pubtypes
 *(.debug_pubtypes)

.debug_ranges   0x00000000      0x120
 *(.debug_ranges)
 .debug_ranges  0x00000000       0x30 src/api.o
 .debug_ranges  0x00000030       0x20 src/ASF/common/services/clock/mega/sysclk.o
 .debug_ranges  0x00000050       0x48 src/driver.o
 .debug_ranges  0x00000098       0x30 src/mega/drivers/timers/tc_timer.o
 .debug_ranges  0x000000c8       0x10 src/ASF/mega/boards/stk600/rcx_x/init.o
 .debug_ranges  0x000000d8       0x48 src/main.o

.debug_macro    0x00000000     0x51ab
 *(.debug_macro)
 .debug_macro   0x00000000      0x1ab src/api.o
 .debug_macro   0x000001ab      0xa72 src/api.o
 .debug_macro   0x00000c1d       0x10 src/api.o
 .debug_macro   0x00000c2d      0x1c9 src/api.o
 .debug_macro   0x00000df6      0x2fc src/api.o
 .debug_macro   0x000010f2       0x9e src/api.o
 .debug_macro   0x00001190     0x1ecb src/api.o
 .debug_macro   0x0000305b      0x100 src/api.o
 .debug_macro   0x0000315b      0x2ea src/api.o
 .debug_macro   0x00003445       0xd9 src/api.o
 .debug_macro   0x0000351e       0x34 src/api.o
 .debug_macro   0x00003552       0x18 src/api.o
 .debug_macro   0x0000356a       0x6c src/api.o
 .debug_macro   0x000035d6       0x22 src/api.o
 .debug_macro   0x000035f8      0x16d src/api.o
 .debug_macro   0x00003765       0x1c src/api.o
 .debug_macro   0x00003781       0x35 src/api.o
 .debug_macro   0x000037b6       0x66 src/api.o
 .debug_macro   0x0000381c      0x64b src/api.o
 .debug_macro   0x00003e67       0x44 src/api.o
 .debug_macro   0x00003eab       0x69 src/api.o
 .debug_macro   0x00003f14       0x2c src/api.o
 .debug_macro   0x00003f40       0x10 src/api.o
 .debug_macro   0x00003f50      0x175 src/api.o
 .debug_macro   0x000040c5       0x40 src/api.o
 .debug_macro   0x00004105      0x100 src/api.o
 .debug_macro   0x00004205       0x22 src/api.o
 .debug_macro   0x00004227      0x2c6 src/api.o
 .debug_macro   0x000044ed       0x8c src/api.o
 .debug_macro   0x00004579       0x3a src/api.o
 .debug_macro   0x000045b3       0x83 src/api.o
 .debug_macro   0x00004636       0x2e src/api.o
 .debug_macro   0x00004664      0x155 src/ASF/common/services/clock/mega/sysclk.o
 .debug_macro   0x000047b9       0x7d src/ASF/common/services/clock/mega/sysclk.o
 .debug_macro   0x00004836      0x1bb src/driver.o
 .debug_macro   0x000049f1       0x28 src/driver.o
 .debug_macro   0x00004a19      0x16e src/mega/drivers/timers/tc_timer.o
 .debug_macro   0x00004b87      0x143 src/ASF/mega/boards/stk600/rcx_x/init.o
 .debug_macro   0x00004cca      0x2c0 src/ASF/mega/boards/stk600/rcx_x/init.o
 .debug_macro   0x00004f8a      0x1b1 src/main.o
 .debug_macro   0x0000513b       0x70 src/main.o
OUTPUT(FinalProject.elf elf32-avr)
LOAD linker stubs
